<?xml version="1.0" encoding="ISO-8859-1" ?>
<link_info>
   <banner>TI ARM Linker PC v20.2.1.LTS</banner>
   <copyright>Copyright (c) 1996-2018 Texas Instruments Incorporated</copyright>
   <link_time>0x5fbfb4a6</link_time>
   <link_errors>0x0</link_errors>
   <output_file>Projeto_Final.out</output_file>
   <entry_point>
      <name>_c_int00_noargs</name>
      <address>0x2041</address>
   </entry_point>
   <input_file_list>
      <input_file id="fl-2">
         <path>.\</path>
         <kind>object</kind>
         <file>Nokia5110.obj</file>
         <name>Nokia5110.obj</name>
      </input_file>
      <input_file id="fl-3">
         <path>.\</path>
         <kind>object</kind>
         <file>funcoes.obj</file>
         <name>funcoes.obj</name>
      </input_file>
      <input_file id="fl-4">
         <path>.\</path>
         <kind>object</kind>
         <file>main.obj</file>
         <name>main.obj</name>
      </input_file>
      <input_file id="fl-5">
         <path>.\</path>
         <kind>object</kind>
         <file>tm4c123gh6pm_startup_ccs.obj</file>
         <name>tm4c123gh6pm_startup_ccs.obj</name>
      </input_file>
      <input_file id="fl-a">
         <kind>object</kind>
         <file>&lt;internal&gt;</file>
         <name>&lt;internal&gt;</name>
      </input_file>
      <input_file id="fl-b">
         <path>C:\ti\ccs1011\TivaWare_C_Series-2.1.4.178\driverlib\ccs\Debug\</path>
         <kind>archive</kind>
         <file>driverlib.lib</file>
         <name>gpio.obj</name>
      </input_file>
      <input_file id="fl-c">
         <path>C:\ti\ccs1011\TivaWare_C_Series-2.1.4.178\driverlib\ccs\Debug\</path>
         <kind>archive</kind>
         <file>driverlib.lib</file>
         <name>interrupt.obj</name>
      </input_file>
      <input_file id="fl-d">
         <path>C:\ti\ccs1011\TivaWare_C_Series-2.1.4.178\driverlib\ccs\Debug\</path>
         <kind>archive</kind>
         <file>driverlib.lib</file>
         <name>sysctl.obj</name>
      </input_file>
      <input_file id="fl-e">
         <path>C:\ti\ccs1011\TivaWare_C_Series-2.1.4.178\driverlib\ccs\Debug\</path>
         <kind>archive</kind>
         <file>driverlib.lib</file>
         <name>systick.obj</name>
      </input_file>
      <input_file id="fl-f">
         <path>C:\ti\ccs1011\TivaWare_C_Series-2.1.4.178\driverlib\ccs\Debug\</path>
         <kind>archive</kind>
         <file>driverlib.lib</file>
         <name>timer.obj</name>
      </input_file>
      <input_file id="fl-10">
         <path>C:\ti\ccs1011\TivaWare_C_Series-2.1.4.178\driverlib\ccs\Debug\</path>
         <kind>archive</kind>
         <file>driverlib.lib</file>
         <name>cpu.obj</name>
      </input_file>
      <input_file id="fl-c6">
         <path>C:\ti\ccs1011\ccs\tools\compiler\ti-cgt-arm_20.2.1.LTS\lib\</path>
         <kind>archive</kind>
         <file>rtsv7M4_T_le_v4SPD16_eabi.lib</file>
         <name>memcpy_t2.asm.obj</name>
      </input_file>
      <input_file id="fl-c7">
         <path>C:\ti\ccs1011\ccs\tools\compiler\ti-cgt-arm_20.2.1.LTS\lib\</path>
         <kind>archive</kind>
         <file>rtsv7M4_T_le_v4SPD16_eabi.lib</file>
         <name>copy_zero_init.c.obj</name>
      </input_file>
      <input_file id="fl-c8">
         <path>C:\ti\ccs1011\ccs\tools\compiler\ti-cgt-arm_20.2.1.LTS\lib\</path>
         <kind>archive</kind>
         <file>rtsv7M4_T_le_v4SPD16_eabi.lib</file>
         <name>copy_decompress_none.c.obj</name>
      </input_file>
      <input_file id="fl-c9">
         <path>C:\ti\ccs1011\ccs\tools\compiler\ti-cgt-arm_20.2.1.LTS\lib\</path>
         <kind>archive</kind>
         <file>rtsv7M4_T_le_v4SPD16_eabi.lib</file>
         <name>copy_decompress_lzss.c.obj</name>
      </input_file>
      <input_file id="fl-ca">
         <path>C:\ti\ccs1011\ccs\tools\compiler\ti-cgt-arm_20.2.1.LTS\lib\</path>
         <kind>archive</kind>
         <file>rtsv7M4_T_le_v4SPD16_eabi.lib</file>
         <name>rand.c.obj</name>
      </input_file>
      <input_file id="fl-cb">
         <path>C:\ti\ccs1011\ccs\tools\compiler\ti-cgt-arm_20.2.1.LTS\lib\</path>
         <kind>archive</kind>
         <file>rtsv7M4_T_le_v4SPD16_eabi.lib</file>
         <name>time.c.obj</name>
      </input_file>
      <input_file id="fl-cc">
         <path>C:\ti\ccs1011\ccs\tools\compiler\ti-cgt-arm_20.2.1.LTS\lib\</path>
         <kind>archive</kind>
         <file>rtsv7M4_T_le_v4SPD16_eabi.lib</file>
         <name>boot_cortex_m.c.obj</name>
      </input_file>
      <input_file id="fl-cd">
         <path>C:\ti\ccs1011\ccs\tools\compiler\ti-cgt-arm_20.2.1.LTS\lib\</path>
         <kind>archive</kind>
         <file>rtsv7M4_T_le_v4SPD16_eabi.lib</file>
         <name>memset_t2.asm.obj</name>
      </input_file>
      <input_file id="fl-ce">
         <path>C:\ti\ccs1011\ccs\tools\compiler\ti-cgt-arm_20.2.1.LTS\lib\</path>
         <kind>archive</kind>
         <file>rtsv7M4_T_le_v4SPD16_eabi.lib</file>
         <name>autoinit.c.obj</name>
      </input_file>
      <input_file id="fl-cf">
         <path>C:\ti\ccs1011\ccs\tools\compiler\ti-cgt-arm_20.2.1.LTS\lib\</path>
         <kind>archive</kind>
         <file>rtsv7M4_T_le_v4SPD16_eabi.lib</file>
         <name>pre_init.c.obj</name>
      </input_file>
      <input_file id="fl-d0">
         <path>C:\ti\ccs1011\ccs\tools\compiler\ti-cgt-arm_20.2.1.LTS\lib\</path>
         <kind>archive</kind>
         <file>rtsv7M4_T_le_v4SPD16_eabi.lib</file>
         <name>cpy_tbl.c.obj</name>
      </input_file>
      <input_file id="fl-d1">
         <path>C:\ti\ccs1011\ccs\tools\compiler\ti-cgt-arm_20.2.1.LTS\lib\</path>
         <kind>archive</kind>
         <file>rtsv7M4_T_le_v4SPD16_eabi.lib</file>
         <name>exit.c.obj</name>
      </input_file>
      <input_file id="fl-d2">
         <path>C:\ti\ccs1011\ccs\tools\compiler\ti-cgt-arm_20.2.1.LTS\lib\</path>
         <kind>archive</kind>
         <file>rtsv7M4_T_le_v4SPD16_eabi.lib</file>
         <name>_lock.c.obj</name>
      </input_file>
      <input_file id="fl-d3">
         <path>C:\ti\ccs1011\ccs\tools\compiler\ti-cgt-arm_20.2.1.LTS\lib\</path>
         <kind>archive</kind>
         <file>rtsv7M4_T_le_v4SPD16_eabi.lib</file>
         <name>args_main.c.obj</name>
      </input_file>
      <input_file id="fl-d4">
         <path>C:\ti\ccs1011\ccs\tools\compiler\ti-cgt-arm_20.2.1.LTS\lib\</path>
         <kind>archive</kind>
         <file>rtsv7M4_T_le_v4SPD16_eabi.lib</file>
         <name>hosttime.c.obj</name>
      </input_file>
      <input_file id="fl-d5">
         <path>C:\ti\ccs1011\ccs\tools\compiler\ti-cgt-arm_20.2.1.LTS\lib\</path>
         <kind>archive</kind>
         <file>rtsv7M4_T_le_v4SPD16_eabi.lib</file>
         <name>trgmsg.c.obj</name>
      </input_file>
      <input_file id="fl-d6">
         <path>C:\ti\ccs1011\ccs\tools\compiler\ti-cgt-arm_20.2.1.LTS\lib\</path>
         <kind>archive</kind>
         <file>rtsv7M4_T_le_v4SPD16_eabi.lib</file>
         <name>hostopen.c.obj</name>
      </input_file>
      <input_file id="fl-d7">
         <path>C:\ti\ccs1011\ccs\tools\compiler\ti-cgt-arm_20.2.1.LTS\lib\</path>
         <kind>archive</kind>
         <file>rtsv7M4_T_le_v4SPD16_eabi.lib</file>
         <name>strlen.c.obj</name>
      </input_file>
   </input_file_list>
   <object_component_list>
      <object_component id="oc-12">
         <name>.intvecs</name>
         <load_address>0x0</load_address>
         <run_address>0x0</run_address>
         <size>0x26c</size>
         <input_file_ref idref="fl-5"/>
      </object_component>
      <object_component id="oc-33">
         <name>.text</name>
         <load_address>0x26c</load_address>
         <run_address>0x26c</run_address>
         <size>0xaec</size>
         <input_file_ref idref="fl-3"/>
      </object_component>
      <object_component id="oc-7a">
         <name>.text</name>
         <load_address>0xd58</load_address>
         <run_address>0xd58</run_address>
         <size>0xad4</size>
         <input_file_ref idref="fl-2"/>
      </object_component>
      <object_component id="oc-2d">
         <name>.text</name>
         <load_address>0x182c</load_address>
         <run_address>0x182c</run_address>
         <size>0x18c</size>
         <input_file_ref idref="fl-4"/>
      </object_component>
      <object_component id="oc-df">
         <name>.text:GPIOPadConfigSet</name>
         <load_address>0x19b8</load_address>
         <run_address>0x19b8</run_address>
         <size>0x132</size>
         <input_file_ref idref="fl-b"/>
      </object_component>
      <object_component id="oc-327">
         <name>.text:_nop</name>
         <load_address>0x1aea</load_address>
         <run_address>0x1aea</run_address>
         <size>0x2</size>
         <input_file_ref idref="fl-d2"/>
      </object_component>
      <object_component id="oc-86">
         <name>.text:SysCtlClockGet</name>
         <load_address>0x1aec</load_address>
         <run_address>0x1aec</run_address>
         <size>0x110</size>
         <input_file_ref idref="fl-d"/>
      </object_component>
      <object_component id="oc-80">
         <name>.text:SysCtlClockSet</name>
         <load_address>0x1bfc</load_address>
         <run_address>0x1bfc</run_address>
         <size>0xf4</size>
         <input_file_ref idref="fl-d"/>
      </object_component>
      <object_component id="oc-47">
         <name>.text</name>
         <load_address>0x1cf0</load_address>
         <run_address>0x1cf0</run_address>
         <size>0x9c</size>
         <input_file_ref idref="fl-c6"/>
      </object_component>
      <object_component id="oc-eb">
         <name>.text:IntEnable</name>
         <load_address>0x1d8c</load_address>
         <run_address>0x1d8c</run_address>
         <size>0x68</size>
         <input_file_ref idref="fl-c"/>
      </object_component>
      <object_component id="oc-15">
         <name>.text:decompress:lzss:__TI_decompress_lzss</name>
         <load_address>0x1df4</load_address>
         <run_address>0x1df4</run_address>
         <size>0x68</size>
         <input_file_ref idref="fl-c9"/>
      </object_component>
      <object_component id="oc-f7">
         <name>.text:TimerConfigure</name>
         <load_address>0x1e5c</load_address>
         <run_address>0x1e5c</run_address>
         <size>0x60</size>
         <input_file_ref idref="fl-f"/>
      </object_component>
      <object_component id="oc-e5">
         <name>.text:GPIOIntTypeSet</name>
         <load_address>0x1ebc</load_address>
         <run_address>0x1ebc</run_address>
         <size>0x56</size>
         <input_file_ref idref="fl-b"/>
      </object_component>
      <object_component id="oc-217">
         <name>.text:HOSTtime</name>
         <load_address>0x1f14</load_address>
         <run_address>0x1f14</run_address>
         <size>0x48</size>
         <input_file_ref idref="fl-d4"/>
      </object_component>
      <object_component id="oc-2bd">
         <name>.text:__TI_auto_init_nobinit_nopinit:__TI_auto_init_nobinit_nopinit</name>
         <load_address>0x1f5c</load_address>
         <run_address>0x1f5c</run_address>
         <size>0x44</size>
         <input_file_ref idref="fl-ce"/>
      </object_component>
      <object_component id="oc-30b">
         <name>.text:__TI_writemsg</name>
         <load_address>0x1fa0</load_address>
         <run_address>0x1fa0</run_address>
         <size>0x38</size>
         <input_file_ref idref="fl-d5"/>
      </object_component>
      <object_component id="oc-cd">
         <name>.text:SysCtlPeripheralEnable</name>
         <load_address>0x1fd8</load_address>
         <run_address>0x1fd8</run_address>
         <size>0x34</size>
         <input_file_ref idref="fl-d"/>
      </object_component>
      <object_component id="oc-311">
         <name>.text:__TI_readmsg</name>
         <load_address>0x200c</load_address>
         <run_address>0x200c</run_address>
         <size>0x34</size>
         <input_file_ref idref="fl-d5"/>
      </object_component>
      <object_component id="oc-65">
         <name>.text:_c_int00_noargs:_c_int00_noargs</name>
         <load_address>0x2040</load_address>
         <run_address>0x2040</run_address>
         <size>0x34</size>
         <input_file_ref idref="fl-cc"/>
      </object_component>
      <object_component id="oc-126">
         <name>.text:rand</name>
         <load_address>0x2074</load_address>
         <run_address>0x2074</run_address>
         <size>0x34</size>
         <input_file_ref idref="fl-ca"/>
      </object_component>
      <object_component id="oc-d9">
         <name>.text:GPIODirModeSet</name>
         <load_address>0x20a8</load_address>
         <run_address>0x20a8</run_address>
         <size>0x2a</size>
         <input_file_ref idref="fl-b"/>
      </object_component>
      <object_component id="oc-120">
         <name>.text:srand</name>
         <load_address>0x20d4</load_address>
         <run_address>0x20d4</run_address>
         <size>0x24</size>
         <input_file_ref idref="fl-ca"/>
      </object_component>
      <object_component id="oc-53">
         <name>.text:decompress:ZI:__TI_zero_init_nomemset:__TI_zero_init_nomemset</name>
         <load_address>0x20f8</load_address>
         <run_address>0x20f8</run_address>
         <size>0x1c</size>
         <input_file_ref idref="fl-c7"/>
      </object_component>
      <object_component id="oc-d3">
         <name>.text:GPIOPinTypeGPIOOutput</name>
         <load_address>0x2114</load_address>
         <run_address>0x2114</run_address>
         <size>0x18</size>
         <input_file_ref idref="fl-b"/>
      </object_component>
      <object_component id="oc-175">
         <name>.text:SysTickDisable</name>
         <load_address>0x212c</load_address>
         <run_address>0x212c</run_address>
         <size>0x14</size>
         <input_file_ref idref="fl-e"/>
      </object_component>
      <object_component id="oc-98">
         <name>.text:SysTickEnable</name>
         <load_address>0x2140</load_address>
         <run_address>0x2140</run_address>
         <size>0x14</size>
         <input_file_ref idref="fl-e"/>
      </object_component>
      <object_component id="oc-92">
         <name>.text:SysTickIntEnable</name>
         <load_address>0x2154</load_address>
         <run_address>0x2154</run_address>
         <size>0x14</size>
         <input_file_ref idref="fl-e"/>
      </object_component>
      <object_component id="oc-fd">
         <name>.text:TimerLoadSet</name>
         <load_address>0x2168</load_address>
         <run_address>0x2168</run_address>
         <size>0x12</size>
         <input_file_ref idref="fl-f"/>
      </object_component>
      <object_component id="oc-f1">
         <name>.text:IntMasterEnable</name>
         <load_address>0x217a</load_address>
         <run_address>0x217a</run_address>
         <size>0x10</size>
         <input_file_ref idref="fl-c"/>
      </object_component>
      <object_component id="oc-8c">
         <name>.text:SysTickPeriodSet</name>
         <load_address>0x218c</load_address>
         <run_address>0x218c</run_address>
         <size>0x10</size>
         <input_file_ref idref="fl-e"/>
      </object_component>
      <object_component id="oc-af">
         <name>.text:GPIOIntDisable</name>
         <load_address>0x219c</load_address>
         <run_address>0x219c</run_address>
         <size>0xe</size>
         <input_file_ref idref="fl-b"/>
      </object_component>
      <object_component id="oc-109">
         <name>.text:TimerEnable</name>
         <load_address>0x21aa</load_address>
         <run_address>0x21aa</run_address>
         <size>0xe</size>
         <input_file_ref idref="fl-f"/>
      </object_component>
      <object_component id="oc-11a">
         <name>.text:__time32</name>
         <load_address>0x21b8</load_address>
         <run_address>0x21b8</run_address>
         <size>0xe</size>
         <input_file_ref idref="fl-cb"/>
      </object_component>
      <object_component id="oc-1b">
         <name>.text:decompress:none:__TI_decompress_none</name>
         <load_address>0x21c6</load_address>
         <run_address>0x21c6</run_address>
         <size>0xe</size>
         <input_file_ref idref="fl-c8"/>
      </object_component>
      <object_component id="oc-206">
         <name>.text:CPUcpsie</name>
         <load_address>0x21d4</load_address>
         <run_address>0x21d4</run_address>
         <size>0xc</size>
         <input_file_ref idref="fl-10"/>
      </object_component>
      <object_component id="oc-c1">
         <name>.text:GPIOIntEnable</name>
         <load_address>0x21e0</load_address>
         <run_address>0x21e0</run_address>
         <size>0xc</size>
         <input_file_ref idref="fl-b"/>
      </object_component>
      <object_component id="oc-27">
         <name>.text</name>
         <load_address>0x21ec</load_address>
         <run_address>0x21ec</run_address>
         <size>0xc</size>
         <input_file_ref idref="fl-5"/>
      </object_component>
      <object_component id="oc-103">
         <name>.text:TimerIntEnable</name>
         <load_address>0x21f8</load_address>
         <run_address>0x21f8</run_address>
         <size>0x8</size>
         <input_file_ref idref="fl-f"/>
      </object_component>
      <object_component id="oc-bb">
         <name>.text:GPIOIntClear</name>
         <load_address>0x2200</load_address>
         <run_address>0x2200</run_address>
         <size>0x6</size>
         <input_file_ref idref="fl-b"/>
      </object_component>
      <object_component id="oc-b5">
         <name>.text:GPIOPinRead</name>
         <load_address>0x2206</load_address>
         <run_address>0x2206</run_address>
         <size>0x6</size>
         <input_file_ref idref="fl-b"/>
      </object_component>
      <object_component id="oc-171">
         <name>.text:SysCtlDelay</name>
         <load_address>0x220c</load_address>
         <run_address>0x220c</run_address>
         <size>0x6</size>
         <input_file_ref idref="fl-d"/>
      </object_component>
      <object_component id="oc-c7">
         <name>.text:TimerIntClear</name>
         <load_address>0x2212</load_address>
         <run_address>0x2212</run_address>
         <size>0x4</size>
         <input_file_ref idref="fl-f"/>
      </object_component>
      <object_component id="oc-1b4">
         <name>.text:_system_pre_init</name>
         <load_address>0x2216</load_address>
         <run_address>0x2216</run_address>
         <size>0x4</size>
         <input_file_ref idref="fl-cf"/>
      </object_component>
      <object_component id="oc-2b1">
         <name>.text:abort:abort</name>
         <load_address>0x221a</load_address>
         <run_address>0x221a</run_address>
         <size>0x4</size>
         <input_file_ref idref="fl-d1"/>
      </object_component>
      <object_component id="oc-162">
         <name>.const:.string:estadio</name>
         <load_address>0x2220</load_address>
         <run_address>0x2220</run_address>
         <size>0x1f8</size>
         <input_file_ref idref="fl-3"/>
      </object_component>
      <object_component id="oc-17e">
         <name>.const:.string:lose</name>
         <load_address>0x2418</load_address>
         <run_address>0x2418</run_address>
         <size>0x1f8</size>
         <input_file_ref idref="fl-3"/>
      </object_component>
      <object_component id="oc-15f">
         <name>.const:.string:main_menu</name>
         <load_address>0x2610</load_address>
         <run_address>0x2610</run_address>
         <size>0x1f8</size>
         <input_file_ref idref="fl-3"/>
      </object_component>
      <object_component id="oc-184">
         <name>.const:.string:next_fight</name>
         <load_address>0x2808</load_address>
         <run_address>0x2808</run_address>
         <size>0x1f8</size>
         <input_file_ref idref="fl-3"/>
      </object_component>
      <object_component id="oc-15c">
         <name>.const:.string:rules</name>
         <load_address>0x2a00</load_address>
         <run_address>0x2a00</run_address>
         <size>0x1f8</size>
         <input_file_ref idref="fl-3"/>
      </object_component>
      <object_component id="oc-181">
         <name>.const:.string:win</name>
         <load_address>0x2bf8</load_address>
         <run_address>0x2bf8</run_address>
         <size>0x1f8</size>
         <input_file_ref idref="fl-3"/>
      </object_component>
      <object_component id="oc-1c6">
         <name>.const:ASCII</name>
         <load_address>0x2df0</load_address>
         <run_address>0x2df0</run_address>
         <size>0x1e0</size>
         <input_file_ref idref="fl-2"/>
      </object_component>
      <object_component id="oc-1cf">
         <name>.const:.string:$P$T0$1</name>
         <load_address>0x2fd0</load_address>
         <run_address>0x2fd0</run_address>
         <size>0x70</size>
         <input_file_ref idref="fl-2"/>
      </object_component>
      <object_component id="oc-201">
         <name>.const</name>
         <load_address>0x3040</load_address>
         <run_address>0x3040</run_address>
         <size>0x70</size>
         <input_file_ref idref="fl-c"/>
      </object_component>
      <object_component id="oc-1df">
         <name>.const:g_pui32Xtals</name>
         <load_address>0x30b0</load_address>
         <run_address>0x30b0</run_address>
         <size>0x6c</size>
         <input_file_ref idref="fl-d"/>
      </object_component>
      <object_component id="oc-153">
         <name>.const:.string:def1</name>
         <load_address>0x311c</load_address>
         <run_address>0x311c</run_address>
         <size>0x51</size>
         <input_file_ref idref="fl-3"/>
      </object_component>
      <object_component id="oc-156">
         <name>.const:.string:def2</name>
         <load_address>0x316d</load_address>
         <run_address>0x316d</run_address>
         <size>0x51</size>
         <input_file_ref idref="fl-3"/>
      </object_component>
      <object_component id="oc-159">
         <name>.const:.string:def3</name>
         <load_address>0x31be</load_address>
         <run_address>0x31be</run_address>
         <size>0x51</size>
         <input_file_ref idref="fl-3"/>
      </object_component>
      <object_component id="oc-12f">
         <name>.const:.string:enemy1L</name>
         <load_address>0x320f</load_address>
         <run_address>0x320f</run_address>
         <size>0x51</size>
         <input_file_ref idref="fl-3"/>
      </object_component>
      <object_component id="oc-132">
         <name>.const:.string:enemy1R</name>
         <load_address>0x3260</load_address>
         <run_address>0x3260</run_address>
         <size>0x51</size>
         <input_file_ref idref="fl-3"/>
      </object_component>
      <object_component id="oc-135">
         <name>.const:.string:enemy2L</name>
         <load_address>0x32b1</load_address>
         <run_address>0x32b1</run_address>
         <size>0x51</size>
         <input_file_ref idref="fl-3"/>
      </object_component>
      <object_component id="oc-138">
         <name>.const:.string:enemy2R</name>
         <load_address>0x3302</load_address>
         <run_address>0x3302</run_address>
         <size>0x51</size>
         <input_file_ref idref="fl-3"/>
      </object_component>
      <object_component id="oc-13b">
         <name>.const:.string:enemy3L</name>
         <load_address>0x3353</load_address>
         <run_address>0x3353</run_address>
         <size>0x51</size>
         <input_file_ref idref="fl-3"/>
      </object_component>
      <object_component id="oc-13e">
         <name>.const:.string:enemy3R</name>
         <load_address>0x33a4</load_address>
         <run_address>0x33a4</run_address>
         <size>0x51</size>
         <input_file_ref idref="fl-3"/>
      </object_component>
      <object_component id="oc-141">
         <name>.const:.string:punch1L</name>
         <load_address>0x33f5</load_address>
         <run_address>0x33f5</run_address>
         <size>0x51</size>
         <input_file_ref idref="fl-3"/>
      </object_component>
      <object_component id="oc-144">
         <name>.const:.string:punch1R</name>
         <load_address>0x3446</load_address>
         <run_address>0x3446</run_address>
         <size>0x51</size>
         <input_file_ref idref="fl-3"/>
      </object_component>
      <object_component id="oc-147">
         <name>.const:.string:punch2L</name>
         <load_address>0x3497</load_address>
         <run_address>0x3497</run_address>
         <size>0x51</size>
         <input_file_ref idref="fl-3"/>
      </object_component>
      <object_component id="oc-14a">
         <name>.const:.string:punch2R</name>
         <load_address>0x34e8</load_address>
         <run_address>0x34e8</run_address>
         <size>0x51</size>
         <input_file_ref idref="fl-3"/>
      </object_component>
      <object_component id="oc-14d">
         <name>.const:.string:punch3L</name>
         <load_address>0x3539</load_address>
         <run_address>0x3539</run_address>
         <size>0x51</size>
         <input_file_ref idref="fl-3"/>
      </object_component>
      <object_component id="oc-150">
         <name>.const:.string:punch3R</name>
         <load_address>0x358a</load_address>
         <run_address>0x358a</run_address>
         <size>0x51</size>
         <input_file_ref idref="fl-3"/>
      </object_component>
      <object_component id="oc-12c">
         <name>.const:.string:def_user</name>
         <load_address>0x35db</load_address>
         <run_address>0x35db</run_address>
         <size>0x31</size>
         <input_file_ref idref="fl-3"/>
      </object_component>
      <object_component id="oc-111">
         <name>.const:.string:idle</name>
         <load_address>0x360c</load_address>
         <run_address>0x360c</run_address>
         <size>0x31</size>
         <input_file_ref idref="fl-3"/>
      </object_component>
      <object_component id="oc-114">
         <name>.const:.string:left</name>
         <load_address>0x363d</load_address>
         <run_address>0x363d</run_address>
         <size>0x31</size>
         <input_file_ref idref="fl-3"/>
      </object_component>
      <object_component id="oc-117">
         <name>.const:.string:right</name>
         <load_address>0x366e</load_address>
         <run_address>0x366e</run_address>
         <size>0x31</size>
         <input_file_ref idref="fl-3"/>
      </object_component>
      <object_component id="oc-17b">
         <name>.const:.string:hp_bar</name>
         <load_address>0x369f</load_address>
         <run_address>0x369f</run_address>
         <size>0x20</size>
         <input_file_ref idref="fl-3"/>
      </object_component>
      <object_component id="oc-165">
         <name>.const:.string:enemy1</name>
         <load_address>0x36bf</load_address>
         <run_address>0x36bf</run_address>
         <size>0x1a</size>
         <input_file_ref idref="fl-3"/>
      </object_component>
      <object_component id="oc-168">
         <name>.const:.string:enemy2</name>
         <load_address>0x36d9</load_address>
         <run_address>0x36d9</run_address>
         <size>0x1a</size>
         <input_file_ref idref="fl-3"/>
      </object_component>
      <object_component id="oc-16b">
         <name>.const:.string:enemy3</name>
         <load_address>0x36f3</load_address>
         <run_address>0x36f3</run_address>
         <size>0x1a</size>
         <input_file_ref idref="fl-3"/>
      </object_component>
      <object_component id="oc-1cc">
         <name>.const:.string:Masks</name>
         <load_address>0x370d</load_address>
         <run_address>0x370d</run_address>
         <size>0x8</size>
         <input_file_ref idref="fl-2"/>
      </object_component>
      <object_component id="oc-279">
         <name>.const:.string:n0</name>
         <load_address>0x3715</load_address>
         <run_address>0x3715</run_address>
         <size>0x3</size>
         <input_file_ref idref="fl-3"/>
      </object_component>
      <object_component id="oc-27c">
         <name>.const:.string:n1</name>
         <load_address>0x3718</load_address>
         <run_address>0x3718</run_address>
         <size>0x3</size>
         <input_file_ref idref="fl-3"/>
      </object_component>
      <object_component id="oc-27f">
         <name>.const:.string:n2</name>
         <load_address>0x371b</load_address>
         <run_address>0x371b</run_address>
         <size>0x3</size>
         <input_file_ref idref="fl-3"/>
      </object_component>
      <object_component id="oc-282">
         <name>.const:.string:n3</name>
         <load_address>0x371e</load_address>
         <run_address>0x371e</run_address>
         <size>0x3</size>
         <input_file_ref idref="fl-3"/>
      </object_component>
      <object_component id="oc-285">
         <name>.const:.string:n4</name>
         <load_address>0x3721</load_address>
         <run_address>0x3721</run_address>
         <size>0x3</size>
         <input_file_ref idref="fl-3"/>
      </object_component>
      <object_component id="oc-288">
         <name>.const:.string:n5</name>
         <load_address>0x3724</load_address>
         <run_address>0x3724</run_address>
         <size>0x3</size>
         <input_file_ref idref="fl-3"/>
      </object_component>
      <object_component id="oc-28b">
         <name>.const:.string:n6</name>
         <load_address>0x3727</load_address>
         <run_address>0x3727</run_address>
         <size>0x3</size>
         <input_file_ref idref="fl-3"/>
      </object_component>
      <object_component id="oc-28e">
         <name>.const:.string:n7</name>
         <load_address>0x372a</load_address>
         <run_address>0x372a</run_address>
         <size>0x3</size>
         <input_file_ref idref="fl-3"/>
      </object_component>
      <object_component id="oc-259">
         <name>.const:.string:num0</name>
         <load_address>0x372d</load_address>
         <run_address>0x372d</run_address>
         <size>0x3</size>
         <input_file_ref idref="fl-3"/>
      </object_component>
      <object_component id="oc-25c">
         <name>.const:.string:num1</name>
         <load_address>0x3730</load_address>
         <run_address>0x3730</run_address>
         <size>0x3</size>
         <input_file_ref idref="fl-3"/>
      </object_component>
      <object_component id="oc-25f">
         <name>.const:.string:num2</name>
         <load_address>0x3733</load_address>
         <run_address>0x3733</run_address>
         <size>0x3</size>
         <input_file_ref idref="fl-3"/>
      </object_component>
      <object_component id="oc-262">
         <name>.const:.string:num3</name>
         <load_address>0x3736</load_address>
         <run_address>0x3736</run_address>
         <size>0x3</size>
         <input_file_ref idref="fl-3"/>
      </object_component>
      <object_component id="oc-265">
         <name>.const:.string:num4</name>
         <load_address>0x3739</load_address>
         <run_address>0x3739</run_address>
         <size>0x3</size>
         <input_file_ref idref="fl-3"/>
      </object_component>
      <object_component id="oc-268">
         <name>.const:.string:num5</name>
         <load_address>0x373c</load_address>
         <run_address>0x373c</run_address>
         <size>0x3</size>
         <input_file_ref idref="fl-3"/>
      </object_component>
      <object_component id="oc-26b">
         <name>.const:.string:num6</name>
         <load_address>0x373f</load_address>
         <run_address>0x373f</run_address>
         <size>0x3</size>
         <input_file_ref idref="fl-3"/>
      </object_component>
      <object_component id="oc-26e">
         <name>.const:.string:num7</name>
         <load_address>0x3742</load_address>
         <run_address>0x3742</run_address>
         <size>0x3</size>
         <input_file_ref idref="fl-3"/>
      </object_component>
      <object_component id="oc-271">
         <name>.const:.string:num8</name>
         <load_address>0x3745</load_address>
         <run_address>0x3745</run_address>
         <size>0x3</size>
         <input_file_ref idref="fl-3"/>
      </object_component>
      <object_component id="oc-274">
         <name>.const:.string:num9</name>
         <load_address>0x3748</load_address>
         <run_address>0x3748</run_address>
         <size>0x3</size>
         <input_file_ref idref="fl-3"/>
      </object_component>
      <object_component id="oc-3d8">
         <name>.cinit..data.load</name>
         <load_address>0x3750</load_address>
         <run_address>0x3750</run_address>
         <size>0x48</size>
      </object_component>
      <object_component id="oc-3d6">
         <name>__TI_handler_table</name>
         <load_address>0x3798</load_address>
         <run_address>0x3798</run_address>
         <size>0xc</size>
      </object_component>
      <object_component id="oc-3d9">
         <name>.cinit..bss.load</name>
         <load_address>0x37a8</load_address>
         <run_address>0x37a8</run_address>
         <size>0x8</size>
      </object_component>
      <object_component id="oc-3d7">
         <name>__TI_cinit_table</name>
         <load_address>0x37b0</load_address>
         <run_address>0x37b0</run_address>
         <size>0x10</size>
      </object_component>
      <object_component id="oc-16e">
         <name>.data:numeros</name>
         <load_address>0x20000558</load_address>
         <run_address>0x20000558</run_address>
         <size>0x28</size>
         <input_file_ref idref="fl-3"/>
      </object_component>
      <object_component id="oc-172">
         <name>.data:mini_num</name>
         <load_address>0x20000580</load_address>
         <run_address>0x20000580</run_address>
         <size>0x20</size>
         <input_file_ref idref="fl-3"/>
      </object_component>
      <object_component id="oc-227">
         <name>.data</name>
         <load_address>0x200005a8</load_address>
         <run_address>0x200005a8</run_address>
         <size>0x4</size>
         <input_file_ref idref="fl-ca"/>
      </object_component>
      <object_component id="oc-224">
         <name>.data:$O1$$</name>
         <load_address>0x200005a0</load_address>
         <run_address>0x200005a0</run_address>
         <size>0x8</size>
         <input_file_ref idref="fl-d2"/>
      </object_component>
      <object_component id="oc-376">
         <name>.bss:_CIOBUF_</name>
         <uninitialized>true</uninitialized>
         <run_address>0x200001f8</run_address>
         <size>0x120</size>
         <input_file_ref idref="fl-d5"/>
      </object_component>
      <object_component id="oc-1c9">
         <name>.common:Screen</name>
         <uninitialized>true</uninitialized>
         <run_address>0x20000000</run_address>
         <size>0x1f8</size>
      </object_component>
      <object_component id="oc-a6">
         <name>.common:estado</name>
         <uninitialized>true</uninitialized>
         <run_address>0x2000033c</run_address>
         <size>0x4</size>
      </object_component>
      <object_component id="oc-9e">
         <name>.common:tempo</name>
         <uninitialized>true</uninitialized>
         <run_address>0x20000354</run_address>
         <size>0x4</size>
      </object_component>
      <object_component id="oc-a5">
         <name>.common:lock</name>
         <uninitialized>true</uninitialized>
         <run_address>0x20000348</run_address>
         <size>0x4</size>
      </object_component>
      <object_component id="oc-a9">
         <name>.common:stamina</name>
         <uninitialized>true</uninitialized>
         <run_address>0x20000350</run_address>
         <size>0x4</size>
      </object_component>
      <object_component id="oc-110">
         <name>.common:ai_value</name>
         <uninitialized>true</uninitialized>
         <run_address>0x20000328</run_address>
         <size>0x4</size>
      </object_component>
      <object_component id="oc-10f">
         <name>.common:move</name>
         <uninitialized>true</uninitialized>
         <run_address>0x2000034c</run_address>
         <size>0x4</size>
      </object_component>
      <object_component id="oc-a3">
         <name>.common:hp</name>
         <uninitialized>true</uninitialized>
         <run_address>0x20000340</run_address>
         <size>0x4</size>
      </object_component>
      <object_component id="oc-a4">
         <name>.common:hp_ai</name>
         <uninitialized>true</uninitialized>
         <run_address>0x20000344</run_address>
         <size>0x4</size>
      </object_component>
      <object_component id="oc-a7">
         <name>.common:aux</name>
         <uninitialized>true</uninitialized>
         <run_address>0x2000032c</run_address>
         <size>0x4</size>
      </object_component>
      <object_component id="oc-a8">
         <name>.common:aux_ai</name>
         <uninitialized>true</uninitialized>
         <run_address>0x20000330</run_address>
         <size>0x4</size>
      </object_component>
      <object_component id="oc-aa">
         <name>.common:KO</name>
         <uninitialized>true</uninitialized>
         <run_address>0x20000320</run_address>
         <size>0x4</size>
      </object_component>
      <object_component id="oc-ab">
         <name>.common:KO_ai</name>
         <uninitialized>true</uninitialized>
         <run_address>0x20000324</run_address>
         <size>0x4</size>
      </object_component>
      <object_component id="oc-ac">
         <name>.common:dmg</name>
         <uninitialized>true</uninitialized>
         <run_address>0x20000334</run_address>
         <size>0x4</size>
      </object_component>
      <object_component id="oc-ad">
         <name>.common:dmg_ai</name>
         <uninitialized>true</uninitialized>
         <run_address>0x20000338</run_address>
         <size>0x4</size>
      </object_component>
      <object_component id="oc-317">
         <name>.common:parmbuf</name>
         <uninitialized>true</uninitialized>
         <run_address>0x20000318</run_address>
         <size>0x8</size>
      </object_component>
      <object_component id="oc-24">
         <name>.stack</name>
         <uninitialized>true</uninitialized>
         <run_address>0x20000358</run_address>
         <size>0x4</size>
         <input_file_ref idref="fl-cc"/>
      </object_component>
      <object_component id="oc-3db">
         <name>.stack</name>
         <uninitialized>true</uninitialized>
         <run_address>0x20000358</run_address>
         <size>0x0</size>
      </object_component>
      <object_component id="oc-1ca">
         <name>.debug_info</name>
         <load_address>0x0</load_address>
         <run_address>0x0</run_address>
         <size>0x306</size>
         <input_file_ref idref="fl-2"/>
      </object_component>
      <object_component id="oc-1c7">
         <name>.debug_info</name>
         <load_address>0x306</load_address>
         <run_address>0x306</run_address>
         <size>0xdc</size>
         <input_file_ref idref="fl-2"/>
      </object_component>
      <object_component id="oc-1cd">
         <name>.debug_info</name>
         <load_address>0x3e2</load_address>
         <run_address>0x3e2</run_address>
         <size>0xde</size>
         <input_file_ref idref="fl-2"/>
      </object_component>
      <object_component id="oc-1d0">
         <name>.debug_info</name>
         <load_address>0x4c0</load_address>
         <run_address>0x4c0</run_address>
         <size>0xe1</size>
         <input_file_ref idref="fl-2"/>
      </object_component>
      <object_component id="oc-7c">
         <name>.debug_info</name>
         <load_address>0x5a1</load_address>
         <run_address>0x5a1</run_address>
         <size>0x1369</size>
         <input_file_ref idref="fl-2"/>
      </object_component>
      <object_component id="oc-194">
         <name>.debug_info</name>
         <load_address>0x190a</load_address>
         <run_address>0x190a</run_address>
         <size>0x26b</size>
         <input_file_ref idref="fl-2"/>
      </object_component>
      <object_component id="oc-42">
         <name>.debug_info</name>
         <load_address>0x1b75</load_address>
         <run_address>0x1b75</run_address>
         <size>0x84</size>
         <input_file_ref idref="fl-2"/>
      </object_component>
      <object_component id="oc-29c">
         <name>.debug_info</name>
         <load_address>0x1bf9</load_address>
         <run_address>0x1bf9</run_address>
         <size>0x2a4</size>
         <input_file_ref idref="fl-2"/>
      </object_component>
      <object_component id="oc-18d">
         <name>.debug_info</name>
         <load_address>0x1e9d</load_address>
         <run_address>0x1e9d</run_address>
         <size>0xbb</size>
         <input_file_ref idref="fl-2"/>
      </object_component>
      <object_component id="oc-1d3">
         <name>.debug_info</name>
         <load_address>0x1f58</load_address>
         <run_address>0x1f58</run_address>
         <size>0x3f</size>
         <input_file_ref idref="fl-2"/>
      </object_component>
      <object_component id="oc-9f">
         <name>.debug_info</name>
         <load_address>0x1f97</load_address>
         <run_address>0x1f97</run_address>
         <size>0x995</size>
         <input_file_ref idref="fl-3"/>
      </object_component>
      <object_component id="oc-160">
         <name>.debug_info</name>
         <load_address>0x292c</load_address>
         <run_address>0x292c</run_address>
         <size>0xe3</size>
         <input_file_ref idref="fl-3"/>
      </object_component>
      <object_component id="oc-15d">
         <name>.debug_info</name>
         <load_address>0x2a0f</load_address>
         <run_address>0x2a0f</run_address>
         <size>0xdb</size>
         <input_file_ref idref="fl-3"/>
      </object_component>
      <object_component id="oc-112">
         <name>.debug_info</name>
         <load_address>0x2aea</load_address>
         <run_address>0x2aea</run_address>
         <size>0xd9</size>
         <input_file_ref idref="fl-3"/>
      </object_component>
      <object_component id="oc-118">
         <name>.debug_info</name>
         <load_address>0x2bc3</load_address>
         <run_address>0x2bc3</run_address>
         <size>0xdb</size>
         <input_file_ref idref="fl-3"/>
      </object_component>
      <object_component id="oc-115">
         <name>.debug_info</name>
         <load_address>0x2c9e</load_address>
         <run_address>0x2c9e</run_address>
         <size>0xd9</size>
         <input_file_ref idref="fl-3"/>
      </object_component>
      <object_component id="oc-12d">
         <name>.debug_info</name>
         <load_address>0x2d77</load_address>
         <run_address>0x2d77</run_address>
         <size>0xe1</size>
         <input_file_ref idref="fl-3"/>
      </object_component>
      <object_component id="oc-130">
         <name>.debug_info</name>
         <load_address>0x2e58</load_address>
         <run_address>0x2e58</run_address>
         <size>0xdf</size>
         <input_file_ref idref="fl-3"/>
      </object_component>
      <object_component id="oc-148">
         <name>.debug_info</name>
         <load_address>0x2f37</load_address>
         <run_address>0x2f37</run_address>
         <size>0xdf</size>
         <input_file_ref idref="fl-3"/>
      </object_component>
      <object_component id="oc-14b">
         <name>.debug_info</name>
         <load_address>0x3016</load_address>
         <run_address>0x3016</run_address>
         <size>0xdf</size>
         <input_file_ref idref="fl-3"/>
      </object_component>
      <object_component id="oc-133">
         <name>.debug_info</name>
         <load_address>0x30f5</load_address>
         <run_address>0x30f5</run_address>
         <size>0xdf</size>
         <input_file_ref idref="fl-3"/>
      </object_component>
      <object_component id="oc-142">
         <name>.debug_info</name>
         <load_address>0x31d4</load_address>
         <run_address>0x31d4</run_address>
         <size>0xdf</size>
         <input_file_ref idref="fl-3"/>
      </object_component>
      <object_component id="oc-145">
         <name>.debug_info</name>
         <load_address>0x32b3</load_address>
         <run_address>0x32b3</run_address>
         <size>0xdf</size>
         <input_file_ref idref="fl-3"/>
      </object_component>
      <object_component id="oc-154">
         <name>.debug_info</name>
         <load_address>0x3392</load_address>
         <run_address>0x3392</run_address>
         <size>0xd9</size>
         <input_file_ref idref="fl-3"/>
      </object_component>
      <object_component id="oc-182">
         <name>.debug_info</name>
         <load_address>0x346b</load_address>
         <run_address>0x346b</run_address>
         <size>0xd7</size>
         <input_file_ref idref="fl-3"/>
      </object_component>
      <object_component id="oc-17f">
         <name>.debug_info</name>
         <load_address>0x3542</load_address>
         <run_address>0x3542</run_address>
         <size>0xd9</size>
         <input_file_ref idref="fl-3"/>
      </object_component>
      <object_component id="oc-166">
         <name>.debug_info</name>
         <load_address>0x361b</load_address>
         <run_address>0x361b</run_address>
         <size>0xdd</size>
         <input_file_ref idref="fl-3"/>
      </object_component>
      <object_component id="oc-169">
         <name>.debug_info</name>
         <load_address>0x36f8</load_address>
         <run_address>0x36f8</run_address>
         <size>0xdd</size>
         <input_file_ref idref="fl-3"/>
      </object_component>
      <object_component id="oc-16c">
         <name>.debug_info</name>
         <load_address>0x37d5</load_address>
         <run_address>0x37d5</run_address>
         <size>0xdd</size>
         <input_file_ref idref="fl-3"/>
      </object_component>
      <object_component id="oc-163">
         <name>.debug_info</name>
         <load_address>0x38b2</load_address>
         <run_address>0x38b2</run_address>
         <size>0xdf</size>
         <input_file_ref idref="fl-3"/>
      </object_component>
      <object_component id="oc-25a">
         <name>.debug_info</name>
         <load_address>0x3991</load_address>
         <run_address>0x3991</run_address>
         <size>0xda</size>
         <input_file_ref idref="fl-3"/>
      </object_component>
      <object_component id="oc-25d">
         <name>.debug_info</name>
         <load_address>0x3a6b</load_address>
         <run_address>0x3a6b</run_address>
         <size>0xda</size>
         <input_file_ref idref="fl-3"/>
      </object_component>
      <object_component id="oc-260">
         <name>.debug_info</name>
         <load_address>0x3b45</load_address>
         <run_address>0x3b45</run_address>
         <size>0xda</size>
         <input_file_ref idref="fl-3"/>
      </object_component>
      <object_component id="oc-263">
         <name>.debug_info</name>
         <load_address>0x3c1f</load_address>
         <run_address>0x3c1f</run_address>
         <size>0xda</size>
         <input_file_ref idref="fl-3"/>
      </object_component>
      <object_component id="oc-266">
         <name>.debug_info</name>
         <load_address>0x3cf9</load_address>
         <run_address>0x3cf9</run_address>
         <size>0xda</size>
         <input_file_ref idref="fl-3"/>
      </object_component>
      <object_component id="oc-269">
         <name>.debug_info</name>
         <load_address>0x3dd3</load_address>
         <run_address>0x3dd3</run_address>
         <size>0xda</size>
         <input_file_ref idref="fl-3"/>
      </object_component>
      <object_component id="oc-26c">
         <name>.debug_info</name>
         <load_address>0x3ead</load_address>
         <run_address>0x3ead</run_address>
         <size>0xda</size>
         <input_file_ref idref="fl-3"/>
      </object_component>
      <object_component id="oc-26f">
         <name>.debug_info</name>
         <load_address>0x3f87</load_address>
         <run_address>0x3f87</run_address>
         <size>0xda</size>
         <input_file_ref idref="fl-3"/>
      </object_component>
      <object_component id="oc-272">
         <name>.debug_info</name>
         <load_address>0x4061</load_address>
         <run_address>0x4061</run_address>
         <size>0xda</size>
         <input_file_ref idref="fl-3"/>
      </object_component>
      <object_component id="oc-275">
         <name>.debug_info</name>
         <load_address>0x413b</load_address>
         <run_address>0x413b</run_address>
         <size>0xda</size>
         <input_file_ref idref="fl-3"/>
      </object_component>
      <object_component id="oc-16f">
         <name>.debug_info</name>
         <load_address>0x4215</load_address>
         <run_address>0x4215</run_address>
         <size>0xe0</size>
         <input_file_ref idref="fl-3"/>
      </object_component>
      <object_component id="oc-15a">
         <name>.debug_info</name>
         <load_address>0x42f5</load_address>
         <run_address>0x42f5</run_address>
         <size>0xda</size>
         <input_file_ref idref="fl-3"/>
      </object_component>
      <object_component id="oc-13c">
         <name>.debug_info</name>
         <load_address>0x43cf</load_address>
         <run_address>0x43cf</run_address>
         <size>0xe0</size>
         <input_file_ref idref="fl-3"/>
      </object_component>
      <object_component id="oc-13f">
         <name>.debug_info</name>
         <load_address>0x44af</load_address>
         <run_address>0x44af</run_address>
         <size>0xe0</size>
         <input_file_ref idref="fl-3"/>
      </object_component>
      <object_component id="oc-14e">
         <name>.debug_info</name>
         <load_address>0x458f</load_address>
         <run_address>0x458f</run_address>
         <size>0xe0</size>
         <input_file_ref idref="fl-3"/>
      </object_component>
      <object_component id="oc-151">
         <name>.debug_info</name>
         <load_address>0x466f</load_address>
         <run_address>0x466f</run_address>
         <size>0xe0</size>
         <input_file_ref idref="fl-3"/>
      </object_component>
      <object_component id="oc-185">
         <name>.debug_info</name>
         <load_address>0x474f</load_address>
         <run_address>0x474f</run_address>
         <size>0xe6</size>
         <input_file_ref idref="fl-3"/>
      </object_component>
      <object_component id="oc-139">
         <name>.debug_info</name>
         <load_address>0x4835</load_address>
         <run_address>0x4835</run_address>
         <size>0xe0</size>
         <input_file_ref idref="fl-3"/>
      </object_component>
      <object_component id="oc-136">
         <name>.debug_info</name>
         <load_address>0x4915</load_address>
         <run_address>0x4915</run_address>
         <size>0xe0</size>
         <input_file_ref idref="fl-3"/>
      </object_component>
      <object_component id="oc-157">
         <name>.debug_info</name>
         <load_address>0x49f5</load_address>
         <run_address>0x49f5</run_address>
         <size>0xda</size>
         <input_file_ref idref="fl-3"/>
      </object_component>
      <object_component id="oc-17c">
         <name>.debug_info</name>
         <load_address>0x4acf</load_address>
         <run_address>0x4acf</run_address>
         <size>0xde</size>
         <input_file_ref idref="fl-3"/>
      </object_component>
      <object_component id="oc-27a">
         <name>.debug_info</name>
         <load_address>0x4bad</load_address>
         <run_address>0x4bad</run_address>
         <size>0xd6</size>
         <input_file_ref idref="fl-3"/>
      </object_component>
      <object_component id="oc-27d">
         <name>.debug_info</name>
         <load_address>0x4c83</load_address>
         <run_address>0x4c83</run_address>
         <size>0xd6</size>
         <input_file_ref idref="fl-3"/>
      </object_component>
      <object_component id="oc-280">
         <name>.debug_info</name>
         <load_address>0x4d59</load_address>
         <run_address>0x4d59</run_address>
         <size>0xd6</size>
         <input_file_ref idref="fl-3"/>
      </object_component>
      <object_component id="oc-283">
         <name>.debug_info</name>
         <load_address>0x4e2f</load_address>
         <run_address>0x4e2f</run_address>
         <size>0xd6</size>
         <input_file_ref idref="fl-3"/>
      </object_component>
      <object_component id="oc-286">
         <name>.debug_info</name>
         <load_address>0x4f05</load_address>
         <run_address>0x4f05</run_address>
         <size>0xd6</size>
         <input_file_ref idref="fl-3"/>
      </object_component>
      <object_component id="oc-289">
         <name>.debug_info</name>
         <load_address>0x4fdb</load_address>
         <run_address>0x4fdb</run_address>
         <size>0xd6</size>
         <input_file_ref idref="fl-3"/>
      </object_component>
      <object_component id="oc-28c">
         <name>.debug_info</name>
         <load_address>0x50b1</load_address>
         <run_address>0x50b1</run_address>
         <size>0xd6</size>
         <input_file_ref idref="fl-3"/>
      </object_component>
      <object_component id="oc-28f">
         <name>.debug_info</name>
         <load_address>0x5187</load_address>
         <run_address>0x5187</run_address>
         <size>0xd6</size>
         <input_file_ref idref="fl-3"/>
      </object_component>
      <object_component id="oc-173">
         <name>.debug_info</name>
         <load_address>0x525d</load_address>
         <run_address>0x525d</run_address>
         <size>0xe2</size>
         <input_file_ref idref="fl-3"/>
      </object_component>
      <object_component id="oc-34">
         <name>.debug_info</name>
         <load_address>0x533f</load_address>
         <run_address>0x533f</run_address>
         <size>0x15c3</size>
         <input_file_ref idref="fl-3"/>
      </object_component>
      <object_component id="oc-1e9">
         <name>.debug_info</name>
         <load_address>0x6902</load_address>
         <run_address>0x6902</run_address>
         <size>0x189</size>
         <input_file_ref idref="fl-3"/>
      </object_component>
      <object_component id="oc-188">
         <name>.debug_info</name>
         <load_address>0x6a8b</load_address>
         <run_address>0x6a8b</run_address>
         <size>0x8b</size>
         <input_file_ref idref="fl-3"/>
      </object_component>
      <object_component id="oc-1ee">
         <name>.debug_info</name>
         <load_address>0x6b16</load_address>
         <run_address>0x6b16</run_address>
         <size>0x35</size>
         <input_file_ref idref="fl-3"/>
      </object_component>
      <object_component id="oc-a1">
         <name>.debug_info</name>
         <load_address>0x6b4b</load_address>
         <run_address>0x6b4b</run_address>
         <size>0x589</size>
         <input_file_ref idref="fl-4"/>
      </object_component>
      <object_component id="oc-2e">
         <name>.debug_info</name>
         <load_address>0x70d4</load_address>
         <run_address>0x70d4</run_address>
         <size>0x260</size>
         <input_file_ref idref="fl-4"/>
      </object_component>
      <object_component id="oc-3b">
         <name>.debug_info</name>
         <load_address>0x7334</load_address>
         <run_address>0x7334</run_address>
         <size>0x399</size>
         <input_file_ref idref="fl-5"/>
      </object_component>
      <object_component id="oc-13">
         <name>.debug_info</name>
         <load_address>0x76cd</load_address>
         <run_address>0x76cd</run_address>
         <size>0xfa</size>
         <input_file_ref idref="fl-5"/>
      </object_component>
      <object_component id="oc-2a">
         <name>.debug_info</name>
         <load_address>0x77c7</load_address>
         <run_address>0x77c7</run_address>
         <size>0x276</size>
         <input_file_ref idref="fl-5"/>
      </object_component>
      <object_component id="oc-1f6">
         <name>.debug_info</name>
         <load_address>0x7a3d</load_address>
         <run_address>0x7a3d</run_address>
         <size>0x240</size>
         <input_file_ref idref="fl-b"/>
      </object_component>
      <object_component id="oc-dc">
         <name>.debug_info</name>
         <load_address>0x7c7d</load_address>
         <run_address>0x7c7d</run_address>
         <size>0x2b3</size>
         <input_file_ref idref="fl-b"/>
      </object_component>
      <object_component id="oc-e2">
         <name>.debug_info</name>
         <load_address>0x7f30</load_address>
         <run_address>0x7f30</run_address>
         <size>0x316</size>
         <input_file_ref idref="fl-b"/>
      </object_component>
      <object_component id="oc-d6">
         <name>.debug_info</name>
         <load_address>0x8246</load_address>
         <run_address>0x8246</run_address>
         <size>0x2b7</size>
         <input_file_ref idref="fl-b"/>
      </object_component>
      <object_component id="oc-b8">
         <name>.debug_info</name>
         <load_address>0x84fd</load_address>
         <run_address>0x84fd</run_address>
         <size>0x27b</size>
         <input_file_ref idref="fl-b"/>
      </object_component>
      <object_component id="oc-e8">
         <name>.debug_info</name>
         <load_address>0x8778</load_address>
         <run_address>0x8778</run_address>
         <size>0x2bb</size>
         <input_file_ref idref="fl-b"/>
      </object_component>
      <object_component id="oc-c4">
         <name>.debug_info</name>
         <load_address>0x8a33</load_address>
         <run_address>0x8a33</run_address>
         <size>0x28f</size>
         <input_file_ref idref="fl-b"/>
      </object_component>
      <object_component id="oc-b2">
         <name>.debug_info</name>
         <load_address>0x8cc2</load_address>
         <run_address>0x8cc2</run_address>
         <size>0x291</size>
         <input_file_ref idref="fl-b"/>
      </object_component>
      <object_component id="oc-bd">
         <name>.debug_info</name>
         <load_address>0x8f53</load_address>
         <run_address>0x8f53</run_address>
         <size>0x28d</size>
         <input_file_ref idref="fl-b"/>
      </object_component>
      <object_component id="oc-1d9">
         <name>.debug_info</name>
         <load_address>0x91e0</load_address>
         <run_address>0x91e0</run_address>
         <size>0x18b</size>
         <input_file_ref idref="fl-b"/>
      </object_component>
      <object_component id="oc-205">
         <name>.debug_info</name>
         <load_address>0x936b</load_address>
         <run_address>0x936b</run_address>
         <size>0x20e</size>
         <input_file_ref idref="fl-c"/>
      </object_component>
      <object_component id="oc-202">
         <name>.debug_info</name>
         <load_address>0x9579</load_address>
         <run_address>0x9579</run_address>
         <size>0x210</size>
         <input_file_ref idref="fl-c"/>
      </object_component>
      <object_component id="oc-f2">
         <name>.debug_info</name>
         <load_address>0x9789</load_address>
         <run_address>0x9789</run_address>
         <size>0x23e</size>
         <input_file_ref idref="fl-c"/>
      </object_component>
      <object_component id="oc-ec">
         <name>.debug_info</name>
         <load_address>0x99c7</load_address>
         <run_address>0x99c7</run_address>
         <size>0x268</size>
         <input_file_ref idref="fl-c"/>
      </object_component>
      <object_component id="oc-1de">
         <name>.debug_info</name>
         <load_address>0x9c2f</load_address>
         <run_address>0x9c2f</run_address>
         <size>0x298</size>
         <input_file_ref idref="fl-d"/>
      </object_component>
      <object_component id="oc-1e0">
         <name>.debug_info</name>
         <load_address>0x9ec7</load_address>
         <run_address>0x9ec7</run_address>
         <size>0x14d</size>
         <input_file_ref idref="fl-d"/>
      </object_component>
      <object_component id="oc-cf">
         <name>.debug_info</name>
         <load_address>0xa014</load_address>
         <run_address>0xa014</run_address>
         <size>0x27d</size>
         <input_file_ref idref="fl-d"/>
      </object_component>
      <object_component id="oc-81">
         <name>.debug_info</name>
         <load_address>0xa291</load_address>
         <run_address>0xa291</run_address>
         <size>0x2db</size>
         <input_file_ref idref="fl-d"/>
      </object_component>
      <object_component id="oc-87">
         <name>.debug_info</name>
         <load_address>0xa56c</load_address>
         <run_address>0xa56c</run_address>
         <size>0x2b5</size>
         <input_file_ref idref="fl-d"/>
      </object_component>
      <object_component id="oc-2f9">
         <name>.debug_info</name>
         <load_address>0xa821</load_address>
         <run_address>0xa821</run_address>
         <size>0x5f</size>
         <input_file_ref idref="fl-d"/>
      </object_component>
      <object_component id="oc-1e4">
         <name>.debug_info</name>
         <load_address>0xa880</load_address>
         <run_address>0xa880</run_address>
         <size>0x19d</size>
         <input_file_ref idref="fl-e"/>
      </object_component>
      <object_component id="oc-8e">
         <name>.debug_info</name>
         <load_address>0xaa1d</load_address>
         <run_address>0xaa1d</run_address>
         <size>0x261</size>
         <input_file_ref idref="fl-e"/>
      </object_component>
      <object_component id="oc-93">
         <name>.debug_info</name>
         <load_address>0xac7e</load_address>
         <run_address>0xac7e</run_address>
         <size>0x227</size>
         <input_file_ref idref="fl-e"/>
      </object_component>
      <object_component id="oc-9a">
         <name>.debug_info</name>
         <load_address>0xaea5</load_address>
         <run_address>0xaea5</run_address>
         <size>0x221</size>
         <input_file_ref idref="fl-e"/>
      </object_component>
      <object_component id="oc-176">
         <name>.debug_info</name>
         <load_address>0xb0c6</load_address>
         <run_address>0xb0c6</run_address>
         <size>0x223</size>
         <input_file_ref idref="fl-e"/>
      </object_component>
      <object_component id="oc-1fb">
         <name>.debug_info</name>
         <load_address>0xb2e9</load_address>
         <run_address>0xb2e9</run_address>
         <size>0x223</size>
         <input_file_ref idref="fl-f"/>
      </object_component>
      <object_component id="oc-fe">
         <name>.debug_info</name>
         <load_address>0xb50c</load_address>
         <run_address>0xb50c</run_address>
         <size>0x2ba</size>
         <input_file_ref idref="fl-f"/>
      </object_component>
      <object_component id="oc-104">
         <name>.debug_info</name>
         <load_address>0xb7c6</load_address>
         <run_address>0xb7c6</run_address>
         <size>0x294</size>
         <input_file_ref idref="fl-f"/>
      </object_component>
      <object_component id="oc-c8">
         <name>.debug_info</name>
         <load_address>0xba5a</load_address>
         <run_address>0xba5a</run_address>
         <size>0x292</size>
         <input_file_ref idref="fl-f"/>
      </object_component>
      <object_component id="oc-10a">
         <name>.debug_info</name>
         <load_address>0xbcec</load_address>
         <run_address>0xbcec</run_address>
         <size>0x27f</size>
         <input_file_ref idref="fl-f"/>
      </object_component>
      <object_component id="oc-f8">
         <name>.debug_info</name>
         <load_address>0xbf6b</load_address>
         <run_address>0xbf6b</run_address>
         <size>0x28c</size>
         <input_file_ref idref="fl-f"/>
      </object_component>
      <object_component id="oc-208">
         <name>.debug_info</name>
         <load_address>0xc1f7</load_address>
         <run_address>0xc1f7</run_address>
         <size>0x212</size>
         <input_file_ref idref="fl-10"/>
      </object_component>
      <object_component id="oc-48">
         <name>.debug_info</name>
         <load_address>0xc409</load_address>
         <run_address>0xc409</run_address>
         <size>0x119</size>
         <input_file_ref idref="fl-c6"/>
      </object_component>
      <object_component id="oc-1ad">
         <name>.debug_info</name>
         <load_address>0xc522</load_address>
         <run_address>0xc522</run_address>
         <size>0x2d4</size>
         <input_file_ref idref="fl-c7"/>
      </object_component>
      <object_component id="oc-57">
         <name>.debug_info</name>
         <load_address>0xc7f6</load_address>
         <run_address>0xc7f6</run_address>
         <size>0x1d2</size>
         <input_file_ref idref="fl-c7"/>
      </object_component>
      <object_component id="oc-1a8">
         <name>.debug_info</name>
         <load_address>0xc9c8</load_address>
         <run_address>0xc9c8</run_address>
         <size>0x46</size>
         <input_file_ref idref="fl-c7"/>
      </object_component>
      <object_component id="oc-2a8">
         <name>.debug_info</name>
         <load_address>0xca0e</load_address>
         <run_address>0xca0e</run_address>
         <size>0x2c</size>
         <input_file_ref idref="fl-c7"/>
      </object_component>
      <object_component id="oc-52">
         <name>.debug_info</name>
         <load_address>0xca3a</load_address>
         <run_address>0xca3a</run_address>
         <size>0x2a8</size>
         <input_file_ref idref="fl-c8"/>
      </object_component>
      <object_component id="oc-1e">
         <name>.debug_info</name>
         <load_address>0xcce2</load_address>
         <run_address>0xcce2</run_address>
         <size>0x1ea</size>
         <input_file_ref idref="fl-c8"/>
      </object_component>
      <object_component id="oc-4d">
         <name>.debug_info</name>
         <load_address>0xcecc</load_address>
         <run_address>0xcecc</run_address>
         <size>0x46</size>
         <input_file_ref idref="fl-c8"/>
      </object_component>
      <object_component id="oc-1a0">
         <name>.debug_info</name>
         <load_address>0xcf12</load_address>
         <run_address>0xcf12</run_address>
         <size>0x2c</size>
         <input_file_ref idref="fl-c8"/>
      </object_component>
      <object_component id="oc-19e">
         <name>.debug_info</name>
         <load_address>0xcf3e</load_address>
         <run_address>0xcf3e</run_address>
         <size>0x29e</size>
         <input_file_ref idref="fl-c9"/>
      </object_component>
      <object_component id="oc-16">
         <name>.debug_info</name>
         <load_address>0xd1dc</load_address>
         <run_address>0xd1dc</run_address>
         <size>0x250</size>
         <input_file_ref idref="fl-c9"/>
      </object_component>
      <object_component id="oc-3d">
         <name>.debug_info</name>
         <load_address>0xd42c</load_address>
         <run_address>0xd42c</run_address>
         <size>0x60</size>
         <input_file_ref idref="fl-c9"/>
      </object_component>
      <object_component id="oc-2a1">
         <name>.debug_info</name>
         <load_address>0xd48c</load_address>
         <run_address>0xd48c</run_address>
         <size>0x46</size>
         <input_file_ref idref="fl-c9"/>
      </object_component>
      <object_component id="oc-199">
         <name>.debug_info</name>
         <load_address>0xd4d2</load_address>
         <run_address>0xd4d2</run_address>
         <size>0x39</size>
         <input_file_ref idref="fl-c9"/>
      </object_component>
      <object_component id="oc-22b">
         <name>.debug_info</name>
         <load_address>0xd50b</load_address>
         <run_address>0xd50b</run_address>
         <size>0x2ba</size>
         <input_file_ref idref="fl-ca"/>
      </object_component>
      <object_component id="oc-228">
         <name>.debug_info</name>
         <load_address>0xd7c5</load_address>
         <run_address>0xd7c5</run_address>
         <size>0xfb</size>
         <input_file_ref idref="fl-ca"/>
      </object_component>
      <object_component id="oc-121">
         <name>.debug_info</name>
         <load_address>0xd8c0</load_address>
         <run_address>0xd8c0</run_address>
         <size>0x15d</size>
         <input_file_ref idref="fl-ca"/>
      </object_component>
      <object_component id="oc-127">
         <name>.debug_info</name>
         <load_address>0xda1d</load_address>
         <run_address>0xda1d</run_address>
         <size>0x13d</size>
         <input_file_ref idref="fl-ca"/>
      </object_component>
      <object_component id="oc-223">
         <name>.debug_info</name>
         <load_address>0xdb5a</load_address>
         <run_address>0xdb5a</run_address>
         <size>0x2a4</size>
         <input_file_ref idref="fl-cb"/>
      </object_component>
      <object_component id="oc-11b">
         <name>.debug_info</name>
         <load_address>0xddfe</load_address>
         <run_address>0xddfe</run_address>
         <size>0x181</size>
         <input_file_ref idref="fl-cb"/>
      </object_component>
      <object_component id="oc-320">
         <name>.debug_info</name>
         <load_address>0xdf7f</load_address>
         <run_address>0xdf7f</run_address>
         <size>0x39</size>
         <input_file_ref idref="fl-cb"/>
      </object_component>
      <object_component id="oc-21e">
         <name>.debug_info</name>
         <load_address>0xdfb8</load_address>
         <run_address>0xdfb8</run_address>
         <size>0x39</size>
         <input_file_ref idref="fl-cb"/>
      </object_component>
      <object_component id="oc-25">
         <name>.debug_info</name>
         <load_address>0xdff1</load_address>
         <run_address>0xdff1</run_address>
         <size>0x10b</size>
         <input_file_ref idref="fl-cc"/>
      </object_component>
      <object_component id="oc-66">
         <name>.debug_info</name>
         <load_address>0xe0fc</load_address>
         <run_address>0xe0fc</run_address>
         <size>0x1a9</size>
         <input_file_ref idref="fl-cc"/>
      </object_component>
      <object_component id="oc-361">
         <name>.debug_info</name>
         <load_address>0xe2a5</load_address>
         <run_address>0xe2a5</run_address>
         <size>0x4b3</size>
         <input_file_ref idref="fl-ce"/>
      </object_component>
      <object_component id="oc-2be">
         <name>.debug_info</name>
         <load_address>0xe758</load_address>
         <run_address>0xe758</run_address>
         <size>0x1a6</size>
         <input_file_ref idref="fl-ce"/>
      </object_component>
      <object_component id="oc-38c">
         <name>.debug_info</name>
         <load_address>0xe8fe</load_address>
         <run_address>0xe8fe</run_address>
         <size>0x39</size>
         <input_file_ref idref="fl-ce"/>
      </object_component>
      <object_component id="oc-3a1">
         <name>.debug_info</name>
         <load_address>0xe937</load_address>
         <run_address>0xe937</run_address>
         <size>0x39</size>
         <input_file_ref idref="fl-ce"/>
      </object_component>
      <object_component id="oc-391">
         <name>.debug_info</name>
         <load_address>0xe970</load_address>
         <run_address>0xe970</run_address>
         <size>0x39</size>
         <input_file_ref idref="fl-ce"/>
      </object_component>
      <object_component id="oc-396">
         <name>.debug_info</name>
         <load_address>0xe9a9</load_address>
         <run_address>0xe9a9</run_address>
         <size>0xcd</size>
         <input_file_ref idref="fl-ce"/>
      </object_component>
      <object_component id="oc-1b7">
         <name>.debug_info</name>
         <load_address>0xea76</load_address>
         <run_address>0xea76</run_address>
         <size>0x153</size>
         <input_file_ref idref="fl-cf"/>
      </object_component>
      <object_component id="oc-2b3">
         <name>.debug_info</name>
         <load_address>0xebc9</load_address>
         <run_address>0xebc9</run_address>
         <size>0x122</size>
         <input_file_ref idref="fl-d1"/>
      </object_component>
      <object_component id="oc-32f">
         <name>.debug_info</name>
         <load_address>0xeceb</load_address>
         <run_address>0xeceb</run_address>
         <size>0x2c9</size>
         <input_file_ref idref="fl-d2"/>
      </object_component>
      <object_component id="oc-225">
         <name>.debug_info</name>
         <load_address>0xefb4</load_address>
         <run_address>0xefb4</run_address>
         <size>0x11e</size>
         <input_file_ref idref="fl-d2"/>
      </object_component>
      <object_component id="oc-328">
         <name>.debug_info</name>
         <load_address>0xf0d2</load_address>
         <run_address>0xf0d2</run_address>
         <size>0x12e</size>
         <input_file_ref idref="fl-d2"/>
      </object_component>
      <object_component id="oc-21b">
         <name>.debug_info</name>
         <load_address>0xf200</load_address>
         <run_address>0xf200</run_address>
         <size>0x18d</size>
         <input_file_ref idref="fl-d4"/>
      </object_component>
      <object_component id="oc-37e">
         <name>.debug_info</name>
         <load_address>0xf38d</load_address>
         <run_address>0xf38d</run_address>
         <size>0x39</size>
         <input_file_ref idref="fl-d4"/>
      </object_component>
      <object_component id="oc-31b">
         <name>.debug_info</name>
         <load_address>0xf3c6</load_address>
         <run_address>0xf3c6</run_address>
         <size>0x39</size>
         <input_file_ref idref="fl-d4"/>
      </object_component>
      <object_component id="oc-37a">
         <name>.debug_info</name>
         <load_address>0xf3ff</load_address>
         <run_address>0xf3ff</run_address>
         <size>0x2bb</size>
         <input_file_ref idref="fl-d5"/>
      </object_component>
      <object_component id="oc-377">
         <name>.debug_info</name>
         <load_address>0xf6ba</load_address>
         <run_address>0xf6ba</run_address>
         <size>0x108</size>
         <input_file_ref idref="fl-d5"/>
      </object_component>
      <object_component id="oc-30c">
         <name>.debug_info</name>
         <load_address>0xf7c2</load_address>
         <run_address>0xf7c2</run_address>
         <size>0x1df</size>
         <input_file_ref idref="fl-d5"/>
      </object_component>
      <object_component id="oc-312">
         <name>.debug_info</name>
         <load_address>0xf9a1</load_address>
         <run_address>0xf9a1</run_address>
         <size>0x19a</size>
         <input_file_ref idref="fl-d5"/>
      </object_component>
      <object_component id="oc-318">
         <name>.debug_info</name>
         <load_address>0xfb3b</load_address>
         <run_address>0xfb3b</run_address>
         <size>0x3a3</size>
         <input_file_ref idref="fl-d6"/>
      </object_component>
      <object_component id="oc-3dc">
         <name>.debug_info</name>
         <load_address>0xfede</load_address>
         <run_address>0xfede</run_address>
         <size>0xad</size>
      </object_component>
      <object_component id="oc-2f2">
         <name>.debug_line</name>
         <load_address>0x0</load_address>
         <run_address>0x0</run_address>
         <size>0x32</size>
         <input_file_ref idref="fl-2"/>
      </object_component>
      <object_component id="oc-2f0">
         <name>.debug_line</name>
         <load_address>0x32</load_address>
         <run_address>0x32</run_address>
         <size>0x32</size>
         <input_file_ref idref="fl-2"/>
      </object_component>
      <object_component id="oc-2f4">
         <name>.debug_line</name>
         <load_address>0x64</load_address>
         <run_address>0x64</run_address>
         <size>0x32</size>
         <input_file_ref idref="fl-2"/>
      </object_component>
      <object_component id="oc-2f6">
         <name>.debug_line</name>
         <load_address>0x96</load_address>
         <run_address>0x96</run_address>
         <size>0x32</size>
         <input_file_ref idref="fl-2"/>
      </object_component>
      <object_component id="oc-7f">
         <name>.debug_line</name>
         <load_address>0xc8</load_address>
         <run_address>0xc8</run_address>
         <size>0x4d1</size>
         <input_file_ref idref="fl-2"/>
      </object_component>
      <object_component id="oc-197">
         <name>.debug_line</name>
         <load_address>0x599</load_address>
         <run_address>0x599</run_address>
         <size>0x6f</size>
         <input_file_ref idref="fl-2"/>
      </object_component>
      <object_component id="oc-45">
         <name>.debug_line</name>
         <load_address>0x608</load_address>
         <run_address>0x608</run_address>
         <size>0x20</size>
         <input_file_ref idref="fl-2"/>
      </object_component>
      <object_component id="oc-29f">
         <name>.debug_line</name>
         <load_address>0x628</load_address>
         <run_address>0x628</run_address>
         <size>0x73</size>
         <input_file_ref idref="fl-2"/>
      </object_component>
      <object_component id="oc-190">
         <name>.debug_line</name>
         <load_address>0x69b</load_address>
         <run_address>0x69b</run_address>
         <size>0x70</size>
         <input_file_ref idref="fl-2"/>
      </object_component>
      <object_component id="oc-1d6">
         <name>.debug_line</name>
         <load_address>0x70b</load_address>
         <run_address>0x70b</run_address>
         <size>0x32</size>
         <input_file_ref idref="fl-2"/>
      </object_component>
      <object_component id="oc-1e8">
         <name>.debug_line</name>
         <load_address>0x73d</load_address>
         <run_address>0x73d</run_address>
         <size>0x217</size>
         <input_file_ref idref="fl-3"/>
      </object_component>
      <object_component id="oc-250">
         <name>.debug_line</name>
         <load_address>0x954</load_address>
         <run_address>0x954</run_address>
         <size>0x30</size>
         <input_file_ref idref="fl-3"/>
      </object_component>
      <object_component id="oc-24e">
         <name>.debug_line</name>
         <load_address>0x984</load_address>
         <run_address>0x984</run_address>
         <size>0x30</size>
         <input_file_ref idref="fl-3"/>
      </object_component>
      <object_component id="oc-212">
         <name>.debug_line</name>
         <load_address>0x9b4</load_address>
         <run_address>0x9b4</run_address>
         <size>0x30</size>
         <input_file_ref idref="fl-3"/>
      </object_component>
      <object_component id="oc-216">
         <name>.debug_line</name>
         <load_address>0x9e4</load_address>
         <run_address>0x9e4</run_address>
         <size>0x30</size>
         <input_file_ref idref="fl-3"/>
      </object_component>
      <object_component id="oc-214">
         <name>.debug_line</name>
         <load_address>0xa14</load_address>
         <run_address>0xa14</run_address>
         <size>0x30</size>
         <input_file_ref idref="fl-3"/>
      </object_component>
      <object_component id="oc-22e">
         <name>.debug_line</name>
         <load_address>0xa44</load_address>
         <run_address>0xa44</run_address>
         <size>0x30</size>
         <input_file_ref idref="fl-3"/>
      </object_component>
      <object_component id="oc-230">
         <name>.debug_line</name>
         <load_address>0xa74</load_address>
         <run_address>0xa74</run_address>
         <size>0x30</size>
         <input_file_ref idref="fl-3"/>
      </object_component>
      <object_component id="oc-240">
         <name>.debug_line</name>
         <load_address>0xaa4</load_address>
         <run_address>0xaa4</run_address>
         <size>0x30</size>
         <input_file_ref idref="fl-3"/>
      </object_component>
      <object_component id="oc-242">
         <name>.debug_line</name>
         <load_address>0xad4</load_address>
         <run_address>0xad4</run_address>
         <size>0x30</size>
         <input_file_ref idref="fl-3"/>
      </object_component>
      <object_component id="oc-232">
[...]
      <symbol id="sm-f5">
         <name>Nokia5110_OutUDec</name>
         <value>0xf4d</value>
         <object_component_ref idref="oc-7a"/>
      </symbol>
      <symbol id="sm-f6">
         <name>Nokia5110_OutChar</name>
         <value>0xee1</value>
         <object_component_ref idref="oc-7a"/>
      </symbol>
      <symbol id="sm-f7">
         <name>Nokia5110_ClrPxl</name>
         <value>0x1431</value>
         <object_component_ref idref="oc-7a"/>
      </symbol>
      <symbol id="sm-f8">
         <name>Nokia5110_Clear</name>
         <value>0x11a1</value>
         <object_component_ref idref="oc-7a"/>
      </symbol>
      <symbol id="sm-f9">
         <name>Masks</name>
         <value>0x370d</value>
         <object_component_ref idref="oc-1cc"/>
      </symbol>
      <symbol id="sm-2d5">
         <name>estado</name>
         <value>0x2000033c</value>
      </symbol>
      <symbol id="sm-2d6">
         <name>tempo</name>
         <value>0x20000354</value>
      </symbol>
      <symbol id="sm-2d7">
         <name>lock</name>
         <value>0x20000348</value>
      </symbol>
      <symbol id="sm-2d8">
         <name>stamina</name>
         <value>0x20000350</value>
      </symbol>
      <symbol id="sm-2d9">
         <name>ai_value</name>
         <value>0x20000328</value>
      </symbol>
      <symbol id="sm-2da">
         <name>move</name>
         <value>0x2000034c</value>
      </symbol>
      <symbol id="sm-2db">
         <name>hp</name>
         <value>0x20000340</value>
      </symbol>
      <symbol id="sm-2dc">
         <name>hp_ai</name>
         <value>0x20000344</value>
      </symbol>
      <symbol id="sm-2dd">
         <name>aux</name>
         <value>0x2000032c</value>
      </symbol>
      <symbol id="sm-2de">
         <name>aux_ai</name>
         <value>0x20000330</value>
      </symbol>
      <symbol id="sm-2df">
         <name>KO</name>
         <value>0x20000320</value>
      </symbol>
      <symbol id="sm-2e0">
         <name>KO_ai</name>
         <value>0x20000324</value>
      </symbol>
      <symbol id="sm-2e1">
         <name>dmg</name>
         <value>0x20000334</value>
      </symbol>
      <symbol id="sm-2e2">
         <name>dmg_ai</name>
         <value>0x20000338</value>
      </symbol>
      <symbol id="sm-2e3">
         <name>def_user</name>
         <value>0x35db</value>
         <object_component_ref idref="oc-12c"/>
      </symbol>
      <symbol id="sm-2e4">
         <name>next_fight</name>
         <value>0x2808</value>
         <object_component_ref idref="oc-184"/>
      </symbol>
      <symbol id="sm-2e5">
         <name>def3</name>
         <value>0x31be</value>
         <object_component_ref idref="oc-159"/>
      </symbol>
      <symbol id="sm-2e6">
         <name>def2</name>
         <value>0x316d</value>
         <object_component_ref idref="oc-156"/>
      </symbol>
      <symbol id="sm-2e7">
         <name>def1</name>
         <value>0x311c</value>
         <object_component_ref idref="oc-153"/>
      </symbol>
      <symbol id="sm-2e8">
         <name>numeros</name>
         <value>0x20000558</value>
         <object_component_ref idref="oc-16e"/>
      </symbol>
      <symbol id="sm-2e9">
         <name>punch1R</name>
         <value>0x3446</value>
         <object_component_ref idref="oc-144"/>
      </symbol>
      <symbol id="sm-2ea">
         <name>punch1L</name>
         <value>0x33f5</value>
         <object_component_ref idref="oc-141"/>
      </symbol>
      <symbol id="sm-2eb">
         <name>punch2R</name>
         <value>0x34e8</value>
         <object_component_ref idref="oc-14a"/>
      </symbol>
      <symbol id="sm-2ec">
         <name>punch2L</name>
         <value>0x3497</value>
         <object_component_ref idref="oc-147"/>
      </symbol>
      <symbol id="sm-2ed">
         <name>punch3R</name>
         <value>0x358a</value>
         <object_component_ref idref="oc-150"/>
      </symbol>
      <symbol id="sm-2ee">
         <name>punch3L</name>
         <value>0x3539</value>
         <object_component_ref idref="oc-14d"/>
      </symbol>
      <symbol id="sm-2ef">
         <name>idle</name>
         <value>0x360c</value>
         <object_component_ref idref="oc-111"/>
      </symbol>
      <symbol id="sm-2f0">
         <name>start</name>
         <value>0x76d</value>
         <object_component_ref idref="oc-33"/>
      </symbol>
      <symbol id="sm-2f1">
         <name>rules</name>
         <value>0x2a00</value>
         <object_component_ref idref="oc-15c"/>
      </symbol>
      <symbol id="sm-2f2">
         <name>game</name>
         <value>0x815</value>
         <object_component_ref idref="oc-33"/>
      </symbol>
      <symbol id="sm-2f3">
         <name>enemy1</name>
         <value>0x36bf</value>
         <object_component_ref idref="oc-165"/>
      </symbol>
      <symbol id="sm-2f4">
         <name>enemy3</name>
         <value>0x36f3</value>
         <object_component_ref idref="oc-16b"/>
      </symbol>
      <symbol id="sm-2f5">
         <name>enemy2</name>
         <value>0x36d9</value>
         <object_component_ref idref="oc-168"/>
      </symbol>
      <symbol id="sm-2f6">
         <name>main_menu</name>
         <value>0x2610</value>
         <object_component_ref idref="oc-15f"/>
      </symbol>
      <symbol id="sm-2f7">
         <name>n7</name>
         <value>0x372a</value>
         <object_component_ref idref="oc-28e"/>
      </symbol>
      <symbol id="sm-2f8">
         <name>n6</name>
         <value>0x3727</value>
         <object_component_ref idref="oc-28b"/>
      </symbol>
      <symbol id="sm-2f9">
         <name>n5</name>
         <value>0x3724</value>
         <object_component_ref idref="oc-288"/>
      </symbol>
      <symbol id="sm-2fa">
         <name>n4</name>
         <value>0x3721</value>
         <object_component_ref idref="oc-285"/>
      </symbol>
      <symbol id="sm-2fb">
         <name>n3</name>
         <value>0x371e</value>
         <object_component_ref idref="oc-282"/>
      </symbol>
      <symbol id="sm-2fc">
         <name>n2</name>
         <value>0x371b</value>
         <object_component_ref idref="oc-27f"/>
      </symbol>
      <symbol id="sm-2fd">
         <name>n1</name>
         <value>0x3718</value>
         <object_component_ref idref="oc-27c"/>
      </symbol>
      <symbol id="sm-2fe">
         <name>n0</name>
         <value>0x3715</value>
         <object_component_ref idref="oc-279"/>
      </symbol>
      <symbol id="sm-2ff">
         <name>lose</name>
         <value>0x2418</value>
         <object_component_ref idref="oc-17e"/>
      </symbol>
      <symbol id="sm-300">
         <name>IntPortalF</name>
         <value>0x26d</value>
         <object_component_ref idref="oc-33"/>
      </symbol>
      <symbol id="sm-301">
         <name>Set_controls</name>
         <value>0x335</value>
         <object_component_ref idref="oc-33"/>
      </symbol>
      <symbol id="sm-302">
         <name>left</name>
         <value>0x363d</value>
         <object_component_ref idref="oc-114"/>
      </symbol>
      <symbol id="sm-303">
         <name>enemy1L</name>
         <value>0x320f</value>
         <object_component_ref idref="oc-12f"/>
      </symbol>
      <symbol id="sm-304">
         <name>Enemy_ai</name>
         <value>0x515</value>
         <object_component_ref idref="oc-33"/>
      </symbol>
      <symbol id="sm-305">
         <name>enemy1R</name>
         <value>0x3260</value>
         <object_component_ref idref="oc-132"/>
      </symbol>
      <symbol id="sm-306">
         <name>estadio</name>
         <value>0x2220</value>
         <object_component_ref idref="oc-162"/>
      </symbol>
      <symbol id="sm-307">
         <name>get_controls</name>
         <value>0x3a7</value>
         <object_component_ref idref="oc-33"/>
      </symbol>
      <symbol id="sm-308">
         <name>enemy3L</name>
         <value>0x3353</value>
         <object_component_ref idref="oc-13b"/>
      </symbol>
      <symbol id="sm-309">
         <name>enemy3R</name>
         <value>0x33a4</value>
         <object_component_ref idref="oc-13e"/>
      </symbol>
      <symbol id="sm-30a">
         <name>num9</name>
         <value>0x3748</value>
         <object_component_ref idref="oc-274"/>
      </symbol>
      <symbol id="sm-30b">
         <name>num8</name>
         <value>0x3745</value>
         <object_component_ref idref="oc-271"/>
      </symbol>
      <symbol id="sm-30c">
         <name>num7</name>
         <value>0x3742</value>
         <object_component_ref idref="oc-26e"/>
      </symbol>
      <symbol id="sm-30d">
         <name>num6</name>
         <value>0x373f</value>
         <object_component_ref idref="oc-26b"/>
      </symbol>
      <symbol id="sm-30e">
         <name>num5</name>
         <value>0x373c</value>
         <object_component_ref idref="oc-268"/>
      </symbol>
      <symbol id="sm-30f">
         <name>num4</name>
         <value>0x3739</value>
         <object_component_ref idref="oc-265"/>
      </symbol>
      <symbol id="sm-310">
         <name>num3</name>
         <value>0x3736</value>
         <object_component_ref idref="oc-262"/>
      </symbol>
      <symbol id="sm-311">
         <name>num2</name>
         <value>0x3733</value>
         <object_component_ref idref="oc-25f"/>
      </symbol>
      <symbol id="sm-312">
         <name>num1</name>
         <value>0x3730</value>
         <object_component_ref idref="oc-25c"/>
      </symbol>
      <symbol id="sm-313">
         <name>num0</name>
         <value>0x372d</value>
         <object_component_ref idref="oc-259"/>
      </symbol>
      <symbol id="sm-314">
         <name>enemy2L</name>
         <value>0x32b1</value>
         <object_component_ref idref="oc-135"/>
      </symbol>
      <symbol id="sm-315">
         <name>enemy2R</name>
         <value>0x3302</value>
         <object_component_ref idref="oc-138"/>
      </symbol>
      <symbol id="sm-316">
         <name>hp_bar</name>
         <value>0x369f</value>
         <object_component_ref idref="oc-17b"/>
      </symbol>
      <symbol id="sm-317">
         <name>right</name>
         <value>0x366e</value>
         <object_component_ref idref="oc-117"/>
      </symbol>
      <symbol id="sm-318">
         <name>mini_num</name>
         <value>0x20000580</value>
         <object_component_ref idref="oc-172"/>
      </symbol>
      <symbol id="sm-319">
         <name>Timer2IntHandler</name>
         <value>0x309</value>
         <object_component_ref idref="oc-33"/>
      </symbol>
      <symbol id="sm-31a">
         <name>Timer3IntHandler</name>
         <value>0x31f</value>
         <object_component_ref idref="oc-33"/>
      </symbol>
      <symbol id="sm-31b">
         <name>Timer0IntHandler</name>
         <value>0x2dd</value>
         <object_component_ref idref="oc-33"/>
      </symbol>
      <symbol id="sm-31c">
         <name>Timer1IntHandler</name>
         <value>0x2f3</value>
         <object_component_ref idref="oc-33"/>
      </symbol>
      <symbol id="sm-31d">
         <name>win</name>
         <value>0x2bf8</value>
         <object_component_ref idref="oc-181"/>
      </symbol>
      <symbol id="sm-340">
         <name>main</name>
         <value>0x1837</value>
         <object_component_ref idref="oc-2d"/>
      </symbol>
      <symbol id="sm-341">
         <name>trata_Systick</name>
         <value>0x182d</value>
         <object_component_ref idref="oc-2d"/>
      </symbol>
      <symbol id="sm-35d">
         <name>ResetISR</name>
         <value>0x21ed</value>
         <object_component_ref idref="oc-27"/>
      </symbol>
      <symbol id="sm-35e">
         <name>g_pfnVectors</name>
         <value>0x0</value>
         <object_component_ref idref="oc-12"/>
      </symbol>
      <symbol id="sm-3aa">
         <name>GPIOIntDisable</name>
         <value>0x219d</value>
         <object_component_ref idref="oc-af"/>
      </symbol>
      <symbol id="sm-3ab">
         <name>GPIOIntEnable</name>
         <value>0x21e1</value>
         <object_component_ref idref="oc-c1"/>
      </symbol>
      <symbol id="sm-3ac">
         <name>GPIOIntTypeSet</name>
         <value>0x1ebd</value>
         <object_component_ref idref="oc-e5"/>
      </symbol>
      <symbol id="sm-3ad">
         <name>GPIOIntClear</name>
         <value>0x2201</value>
         <object_component_ref idref="oc-bb"/>
      </symbol>
      <symbol id="sm-3ae">
         <name>GPIOPinTypeGPIOOutput</name>
         <value>0x2115</value>
         <object_component_ref idref="oc-d3"/>
      </symbol>
      <symbol id="sm-3af">
         <name>GPIOPinRead</name>
         <value>0x2207</value>
         <object_component_ref idref="oc-b5"/>
      </symbol>
      <symbol id="sm-3b0">
         <name>GPIODirModeSet</name>
         <value>0x20a9</value>
         <object_component_ref idref="oc-d9"/>
      </symbol>
      <symbol id="sm-3b1">
         <name>GPIOPadConfigSet</name>
         <value>0x19b9</value>
         <object_component_ref idref="oc-df"/>
      </symbol>
      <symbol id="sm-3e1">
         <name>IntEnable</name>
         <value>0x1d8d</value>
         <object_component_ref idref="oc-eb"/>
      </symbol>
      <symbol id="sm-3e2">
         <name>IntMasterEnable</name>
         <value>0x217b</value>
         <object_component_ref idref="oc-f1"/>
      </symbol>
      <symbol id="sm-434">
         <name>SysCtlClockSet</name>
         <value>0x1bfd</value>
         <object_component_ref idref="oc-80"/>
      </symbol>
      <symbol id="sm-435">
         <name>SysCtlDelay</name>
         <value>0x220d</value>
         <object_component_ref idref="oc-171"/>
      </symbol>
      <symbol id="sm-436">
         <name>SysCtlPeripheralEnable</name>
         <value>0x1fd9</value>
         <object_component_ref idref="oc-cd"/>
      </symbol>
      <symbol id="sm-437">
         <name>SysCtlClockGet</name>
         <value>0x1aed</value>
         <object_component_ref idref="oc-86"/>
      </symbol>
      <symbol id="sm-464">
         <name>SysTickEnable</name>
         <value>0x2141</value>
         <object_component_ref idref="oc-98"/>
      </symbol>
      <symbol id="sm-465">
         <name>SysTickIntEnable</name>
         <value>0x2155</value>
         <object_component_ref idref="oc-92"/>
      </symbol>
      <symbol id="sm-466">
         <name>SysTickPeriodSet</name>
         <value>0x218d</value>
         <object_component_ref idref="oc-8c"/>
      </symbol>
      <symbol id="sm-467">
         <name>SysTickDisable</name>
         <value>0x212d</value>
         <object_component_ref idref="oc-175"/>
      </symbol>
      <symbol id="sm-49b">
         <name>TimerLoadSet</name>
         <value>0x2169</value>
         <object_component_ref idref="oc-fd"/>
      </symbol>
      <symbol id="sm-49c">
         <name>TimerEnable</name>
         <value>0x21ab</value>
         <object_component_ref idref="oc-109"/>
      </symbol>
      <symbol id="sm-49d">
         <name>TimerIntEnable</name>
         <value>0x21f9</value>
         <object_component_ref idref="oc-103"/>
      </symbol>
      <symbol id="sm-49e">
         <name>TimerConfigure</name>
         <value>0x1e5d</value>
         <object_component_ref idref="oc-f7"/>
      </symbol>
      <symbol id="sm-49f">
         <name>TimerIntClear</name>
         <value>0x2213</value>
         <object_component_ref idref="oc-c7"/>
      </symbol>
      <symbol id="sm-4a9">
         <name>CPUcpsie</name>
         <value>0x21d5</value>
         <object_component_ref idref="oc-206"/>
      </symbol>
      <symbol id="sm-4c4">
         <name>memcpy</name>
         <value>0x1cf1</value>
         <object_component_ref idref="oc-47"/>
      </symbol>
      <symbol id="sm-4c5">
         <name>__aeabi_memcpy</name>
         <value>0x1cf1</value>
         <object_component_ref idref="oc-47"/>
      </symbol>
      <symbol id="sm-4c6">
         <name>__aeabi_memcpy8</name>
         <value>0x1cf1</value>
         <object_component_ref idref="oc-47"/>
      </symbol>
      <symbol id="sm-4c7">
         <name>__aeabi_memcpy4</name>
         <value>0x1cf1</value>
         <object_component_ref idref="oc-47"/>
      </symbol>
      <symbol id="sm-4e0">
         <name>__TI_zero_init_nomemset</name>
         <value>0x20f9</value>
         <object_component_ref idref="oc-53"/>
      </symbol>
      <symbol id="sm-4f7">
         <name>__TI_decompress_none</name>
         <value>0x21c7</value>
         <object_component_ref idref="oc-1b"/>
      </symbol>
      <symbol id="sm-51a">
         <name>__TI_decompress_lzss</name>
         <value>0x1df5</value>
         <object_component_ref idref="oc-15"/>
      </symbol>
      <symbol id="sm-53f">
         <name>rand</name>
         <value>0x2075</value>
         <object_component_ref idref="oc-126"/>
      </symbol>
      <symbol id="sm-540">
         <name>srand</name>
         <value>0x20d5</value>
         <object_component_ref idref="oc-120"/>
      </symbol>
      <symbol id="sm-558">
         <name>__time32</name>
         <value>0x21b9</value>
         <object_component_ref idref="oc-11a"/>
      </symbol>
      <symbol id="sm-559">
         <name>time</name>
         <value>0x21b9</value>
         <object_component_ref idref="oc-11a"/>
      </symbol>
      <symbol id="sm-56c">
         <name>__stack</name>
         <value>0x20000358</value>
         <object_component_ref idref="oc-24"/>
      </symbol>
      <symbol id="sm-56d">
         <name>_c_int00_noargs</name>
         <value>0x2041</value>
         <object_component_ref idref="oc-65"/>
      </symbol>
      <symbol id="sm-596">
         <name>__TI_auto_init_nobinit_nopinit</name>
         <value>0x1f5d</value>
         <object_component_ref idref="oc-2bd"/>
      </symbol>
      <symbol id="sm-5a0">
         <name>_system_pre_init</name>
         <value>0x2217</value>
         <object_component_ref idref="oc-1b4"/>
      </symbol>
      <symbol id="sm-5ac">
         <name>C$$EXIT</name>
         <value>0x221b</value>
         <object_component_ref idref="oc-2b1"/>
      </symbol>
      <symbol id="sm-5ad">
         <name>abort</name>
         <value>0x221b</value>
         <object_component_ref idref="oc-2b1"/>
      </symbol>
      <symbol id="sm-5c2">
         <name>_nop</name>
         <value>0x1aeb</value>
         <object_component_ref idref="oc-327"/>
      </symbol>
      <symbol id="sm-5c3">
         <name>_lock</name>
         <value>0x200005a0</value>
         <object_component_ref idref="oc-224"/>
      </symbol>
      <symbol id="sm-5c4">
         <name>_unlock</name>
         <value>0x200005a4</value>
         <object_component_ref idref="oc-224"/>
      </symbol>
      <symbol id="sm-5dd">
         <name>HOSTtime</name>
         <value>0x1f15</value>
         <object_component_ref idref="oc-217"/>
      </symbol>
      <symbol id="sm-601">
         <name>__TI_readmsg</name>
         <value>0x200d</value>
         <object_component_ref idref="oc-311"/>
      </symbol>
      <symbol id="sm-602">
         <name>C$$IO$$</name>
         <value>0x1fcf</value>
         <object_component_ref idref="oc-30b"/>
      </symbol>
      <symbol id="sm-603">
         <name>__CIOBUF_</name>
         <value>0x200001f8</value>
         <object_component_ref idref="oc-376"/>
      </symbol>
      <symbol id="sm-604">
         <name>__TI_writemsg</name>
         <value>0x1fa1</value>
         <object_component_ref idref="oc-30b"/>
      </symbol>
      <symbol id="sm-60a">
         <name>parmbuf</name>
         <value>0x20000318</value>
      </symbol>
      <symbol id="sm-60c">
         <name>__TI_static_base__</name>
         <value>0x0</value>
      </symbol>
      <symbol id="sm-60f">
         <name>__mpu_init</name>
         <value>0x0</value>
      </symbol>
      <symbol id="sm-610">
         <name>_system_post_cinit</name>
         <value>0x0</value>
      </symbol>
   </symbol_table>
   <title>Link successful</title>
</link_info>
